[      77ms] [INFO] %cDownload the React DevTools for a better development experience: https://react.dev/link/react-devtools font-weight:bold @ http://localhost:3000/node_modules/.vite/deps/chunk-4PDQIF46.js?v=0b9389a9:20102
[      95ms] [INFO] 🔌 已連接到 Firestore 本地模擬器 (port 8080) @ http://localhost:3000/src/utils/logger.jsx:23
[      99ms] [INFO] [Bootstrap] 開始優化版應用載入 @ http://localhost:3000/src/utils/logger.jsx:23
[      99ms] [INFO] [Bootstrap] 立即開始渲染，Firebase 在背景初始化 @ http://localhost:3000/src/utils/logger.jsx:23
[      99ms] [INFO] [Bootstrap] 優化版應用載入完成 @ http://localhost:3000/src/utils/logger.jsx:23
[     142ms] [WARNING] ⚠️ React Router Future Flag Warning: React Router will begin wrapping state updates in `React.startTransition` in v7. You can use the `v7_startTransition` future flag to opt-in early. For more information, see https://reactrouter.com/v6/upgrading/future#v7_starttransition. @ http://localhost:3000/node_modules/.vite/deps/react-router-dom.js?v=0b9389a9:4392
[     142ms] [INFO] [Firebase Init] 開始優化版初始化... @ http://localhost:3000/src/utils/logger.jsx:23
[     148ms] [INFO] [Firebase Core] 開始初始化核心服務... @ http://localhost:3000/src/utils/logger.jsx:23
[     148ms] [INFO] 🏠 本地開發環境，跳過網路連接優化 @ http://localhost:3000/src/utils/logger.jsx:23
[     148ms] [INFO] [Firebase Core] 核心服務初始化完成 @ http://localhost:3000/src/utils/logger.jsx:23
[     148ms] [INFO] [Firebase Init] 基礎服務就緒，UI 可開始渲染 @ http://localhost:3000/src/utils/logger.jsx:23
[     158ms] [INFO] [Firebase Init] 本地開發環境，跳過額外服務 @ http://localhost:3000/src/utils/logger.jsx:23
[     158ms] [INFO] [Firebase Init] 完整初始化完成 @ http://localhost:3000/src/utils/logger.jsx:23
[     501ms] [INFO] [useBlogData] 開始載入: enrollmentEvents using React Query @ http://localhost:3000/src/utils/logger.jsx:23
[     502ms] [INFO] [useBlogData] 開始載入: news using React Query @ http://localhost:3000/src/utils/logger.jsx:23
[     521ms] [ERROR] %o

%s

%s
 TypeError: (keyword || "").trim is not a function
    at http://localhost:3000/src/context/BlogContext.jsx:79:34
    at http://localhost:3000/src/pages/Blog/BlogSearch.jsx:96:23
    at Object.react_stack_bottom_frame (http://localhost:3000/node_modules/.vite/deps/chunk-4PDQIF46.js?v=0b9389a9:18567:20)
    at runWithFiberInDEV (http://localhost:3000/node_modules/.vite/deps/chunk-4PDQIF46.js?v=0b9389a9:997:72)
    at commitHookEffectListMount (http://localhost:3000/node_modules/.vite/deps/chunk-4PDQIF46.js?v=0b9389a9:9411:163)
    at commitHookPassiveMountEffects (http://localhost:3000/node_modules/.vite/deps/chunk-4PDQIF46.js?v=0b9389a9:9465:60)
    at commitPassiveMountOnFiber (http://localhost:3000/node_modules/.vite/deps/chunk-4PDQIF46.js?v=0b9389a9:11040:29)
    at recursivelyTraversePassiveMountEffects (http://localhost:3000/node_modules/.vite/deps/chunk-4PDQIF46.js?v=0b9389a9:11010:13)
    at commitPassiveMountOnFiber (http://localhost:3000/node_modules/.vite/deps/chunk-4PDQIF46.js?v=0b9389a9:11201:13)
    at recursivelyTraversePassiveMountEffects (http://localhost:3000/node_modules/.vite/deps/chunk-4PDQIF46.js?v=0b9389a9:11010:13) The above error occurred in the <BlogSearch> component. React will try to recreate this component tree from scratch using the error boundary you provided, ErrorBoundary. @ http://localhost:3000/node_modules/.vite/deps/chunk-4PDQIF46.js?v=0b9389a9:7000
[    1614ms] [INFO] [Analytics] 本地開發環境，跳過 Analytics 初始化 @ http://localhost:3000/src/utils/logger.jsx:23
[    1614ms] [INFO] [Analytics] 延遲事件記錄完成 @ http://localhost:3000/src/utils/logger.jsx:23
[    3105ms] [INFO] [Performance] 延遲初始化完成 @ http://localhost:3000/src/utils/logger.jsx:23
[    6112ms] [WARNING] The resource https://firebasestorage.googleapis.com/v0/b/bright-edu-data.firebasestorage.app/o/banner%2Fbanner1-1280.webp?alt=media was preloaded using link preload but not used within a few seconds from the window's load event. Please make sure it has an appropriate `as` value and it is preloaded intentionally. @ http://localhost:3000/blog/search/mba:0
[   63525ms] [WARNING] The resource https://firebasestorage.googleapis.com/v0/b/bright-edu-data.firebasestorage.app/o/banner%2Fbanner1-1280.webp?alt=media was preloaded using link preload but not used within a few seconds from the window's load event. Please make sure it has an appropriate `as` value and it is preloaded intentionally. @ http://localhost:3000/blog/search/mba:0
[  135532ms] [WARNING] The resource https://firebasestorage.googleapis.com/v0/b/bright-edu-data.firebasestorage.app/o/banner%2Fbanner1-1280.webp?alt=media was preloaded using link preload but not used within a few seconds from the window's load event. Please make sure it has an appropriate `as` value and it is preloaded intentionally. @ http://localhost:3000/blog/search/mba:0
