[     129ms] [INFO] %cDownload the React DevTools for a better development experience: https://react.dev/link/react-devtools font-weight:bold @ http://localhost:3000/node_modules/.vite/deps/chunk-4PDQIF46.js?v=0b9389a9:20102
[     187ms] [INFO] 🔌 已連接到 Firestore 本地模擬器 (port 8080) @ http://localhost:3000/src/utils/logger.jsx:23
[     194ms] [INFO] [Bootstrap] 開始優化版應用載入 @ http://localhost:3000/src/utils/logger.jsx:23
[     195ms] [INFO] [Bootstrap] 立即開始渲染，Firebase 在背景初始化 @ http://localhost:3000/src/utils/logger.jsx:23
[     195ms] [INFO] [Bootstrap] 優化版應用載入完成 @ http://localhost:3000/src/utils/logger.jsx:23
[     225ms] [WARNING] ⚠️ React Router Future Flag Warning: React Router will begin wrapping state updates in `React.startTransition` in v7. You can use the `v7_startTransition` future flag to opt-in early. For more information, see https://reactrouter.com/v6/upgrading/future#v7_starttransition. @ http://localhost:3000/node_modules/.vite/deps/react-router-dom.js?v=0b9389a9:4392
[     225ms] [INFO] [Firebase Init] 開始優化版初始化... @ http://localhost:3000/src/utils/logger.jsx:23
[     235ms] [INFO] [Firebase Core] 開始初始化核心服務... @ http://localhost:3000/src/utils/logger.jsx:23
[     235ms] [INFO] 🏠 本地開發環境，跳過網路連接優化 @ http://localhost:3000/src/utils/logger.jsx:23
[     235ms] [INFO] [Firebase Core] 核心服務初始化完成 @ http://localhost:3000/src/utils/logger.jsx:23
[     235ms] [INFO] [Firebase Init] 基礎服務就緒，UI 可開始渲染 @ http://localhost:3000/src/utils/logger.jsx:23
[     241ms] [INFO] [Firebase Init] 本地開發環境，跳過額外服務 @ http://localhost:3000/src/utils/logger.jsx:23
[     242ms] [INFO] [Firebase Init] 完整初始化完成 @ http://localhost:3000/src/utils/logger.jsx:23
[     606ms] [INFO] [useBlogData] 開始載入: enrollmentEvents using React Query @ http://localhost:3000/src/utils/logger.jsx:23
[     607ms] [INFO] [useBlogData] 開始載入: news using React Query @ http://localhost:3000/src/utils/logger.jsx:23
[     623ms] [ERROR] Encountered two children with the same key, `%s`. Keys should be unique so that components maintain their identity across updates. Non-unique keys may cause children to be duplicated and/or omitted — the behavior is unsupported and could change in a future version. 5 @ http://localhost:3000/node_modules/.vite/deps/chunk-4PDQIF46.js?v=0b9389a9:4924
[    1703ms] [INFO] [Analytics] 本地開發環境，跳過 Analytics 初始化 @ http://localhost:3000/src/utils/logger.jsx:23
[    1703ms] [INFO] [Analytics] 延遲事件記錄完成 @ http://localhost:3000/src/utils/logger.jsx:23
[    3210ms] [INFO] [Performance] 延遲初始化完成 @ http://localhost:3000/src/utils/logger.jsx:23
[    3238ms] [WARNING] The resource https://firebasestorage.googleapis.com/v0/b/bright-edu-data.firebasestorage.app/o/banner%2Fbanner1-1280.webp?alt=media was preloaded using link preload but not used within a few seconds from the window's load event. Please make sure it has an appropriate `as` value and it is preloaded intentionally. @ http://localhost:3000/blog/search/mba:0
[   13569ms] [WARNING] The resource https://firebasestorage.googleapis.com/v0/b/bright-edu-data.firebasestorage.app/o/banner%2Fbanner1-1280.webp?alt=media was preloaded using link preload but not used within a few seconds from the window's load event. Please make sure it has an appropriate `as` value and it is preloaded intentionally. @ http://localhost:3000/blog/search/mba:0
[   63636ms] [WARNING] The resource https://firebasestorage.googleapis.com/v0/b/bright-edu-data.firebasestorage.app/o/banner%2Fbanner1-1280.webp?alt=media was preloaded using link preload but not used within a few seconds from the window's load event. Please make sure it has an appropriate `as` value and it is preloaded intentionally. @ http://localhost:3000/blog/search/mba:0
[  149802ms] [WARNING] The resource https://firebasestorage.googleapis.com/v0/b/bright-edu-data.firebasestorage.app/o/banner%2Fbanner1-1280.webp?alt=media was preloaded using link preload but not used within a few seconds from the window's load event. Please make sure it has an appropriate `as` value and it is preloaded intentionally. @ http://localhost:3000/blog/search/mba:0
[  192863ms] [ERROR] Encountered two children with the same key, `%s`. Keys should be unique so that components maintain their identity across updates. Non-unique keys may cause children to be duplicated and/or omitted — the behavior is unsupported and could change in a future version. 5 @ http://localhost:3000/node_modules/.vite/deps/chunk-4PDQIF46.js?v=0b9389a9:4924
[  192867ms] [ERROR] Encountered two children with the same key, `%s`. Keys should be unique so that components maintain their identity across updates. Non-unique keys may cause children to be duplicated and/or omitted — the behavior is unsupported and could change in a future version. 5 @ http://localhost:3000/node_modules/.vite/deps/chunk-4PDQIF46.js?v=0b9389a9:4924
[  195834ms] [WARNING] The resource https://firebasestorage.googleapis.com/v0/b/bright-edu-data.firebasestorage.app/o/banner%2Fbanner1-1280.webp?alt=media was preloaded using link preload but not used within a few seconds from the window's load event. Please make sure it has an appropriate `as` value and it is preloaded intentionally. @ http://localhost:3000/blog/search/mba:0
